
> typeme-frontend@1.0.0 prebuild
> npm run gen:content


> typeme-frontend@1.0.0 gen:content
> node ../scripts/gen-fallback-content.mjs

前端内置副本已是最新，无需改动
  题库 32 题 / 类型文案 16 型 / 方法页 5 节 / 内容包 3 个（ipip50-zh1, oejts32-zh1-report2, oejts32-zh2-preview-r1） / contentVersion 2026-09-01

> typeme-frontend@1.0.0 build
> vue-tsc --noEmit && vite build

vite v5.4.21 building for production...
transforming...
✓ 189 modules transformed.
rendering chunks...
computing gzip size...
dist/index.html                                                                1.60 kB │ gzip:  1.44 kB
dist/assets/type-isfp-zcHMQZVA.webp                                           68.57 kB
dist/assets/type-esfp-CL1vjemO.webp                                           77.80 kB
dist/assets/type-infj-NRnNd75I.webp                                           78.53 kB
dist/assets/type-enfp-BXZftj5A.webp                                           82.26 kB
dist/assets/type-intj-CxwObSdk.webp                                           91.19 kB
dist/assets/type-infp-DWAc8UWa.webp                                           96.77 kB
dist/assets/type-estp-UpzRvBFu.webp                                           97.65 kB
dist/assets/type-istp-BWy4oBkF.webp                                           99.10 kB
dist/assets/type-intp-ChmGdYgh.webp                                          100.02 kB
dist/assets/type-entp-B11k7avk.webp                                          101.03 kB
dist/assets/type-esfj-CEY1x6Xr.webp                                          102.93 kB
dist/assets/type-enfj-DKtaU3n5.webp                                          115.15 kB
dist/assets/type-estj-CoyiBDqO.webp                                          118.47 kB
dist/assets/type-istj-Dz86OCJJ.webp                                          120.15 kB
dist/assets/type-entj-BUARddye.webp                                          127.24 kB
dist/assets/type-isfj-BKUFVdRf.webp                                          132.44 kB
dist/assets/welcome-CrZc5P_y.webp                                            148.73 kB
dist/assets/reflection-5DNzDZ6M.webp                                         188.17 kB
dist/assets/assessment-bigfive-DZ0Z8zRm.webp                                 188.51 kB
dist/assets/home-hero-D6cgdiEp.webp                                          236.96 kB
dist/assets/assessment-jung-B6Tyu8Wl.webp                                    250.60 kB
dist/assets/EditorialScene-CN_nk-il.css                                        0.11 kB │ gzip:  0.11 kB
dist/assets/DimensionMeter-DKZ8B8tP.css                                        0.14 kB │ gzip:  0.12 kB
dist/assets/IllustrationFrame-oOJKgcg9.css                                     0.38 kB │ gzip:  0.21 kB
dist/assets/AdminMembersView-Bko21yvv.css                                      3.71 kB │ gzip:  1.16 kB
dist/assets/index-CUArpY7g.css                                                90.08 kB │ gzip: 17.11 kB
dist/assets/_plugin-vue_export-helper-DlAUqK2U.js                              0.09 kB │ gzip:  0.10 kB
dist/assets/cnNumber-CvuYwsXZ.js                                               0.18 kB │ gzip:  0.20 kB
dist/assets/localTime-C6KTJS0Z.js                                              0.26 kB │ gzip:  0.26 kB
dist/assets/PageContainer.vue_vue_type_script_setup_true_lang-rpzN8bSO.js      0.56 kB │ gzip:  0.37 kB
dist/assets/seed-BjKry2Hw.js                                                   0.71 kB │ gzip:  0.57 kB
dist/assets/TypeCardBody.vue_vue_type_script_setup_true_lang--Yndd03y.js       0.75 kB │ gzip:  0.45 kB
dist/assets/bigFiveExport-DTiJxlbA.js                                          1.10 kB │ gzip:  0.84 kB
dist/assets/FormErrorNotice.vue_vue_type_script_setup_true_lang-DjIEjXGt.js    1.38 kB │ gzip:  0.87 kB
dist/assets/InstrumentCard.vue_vue_type_script_setup_true_lang-BMt42sI7.js     1.61 kB │ gzip:  0.98 kB
dist/assets/AppIcon.vue_vue_type_script_setup_true_lang-DUngkCVE.js            2.34 kB │ gzip:  1.19 kB
dist/assets/ConfirmDialog.vue_vue_type_script_setup_true_lang-HznLUIvY.js      2.75 kB │ gzip:  1.42 kB
dist/assets/InstrumentsView-CSwVLSx3.js                                        3.02 kB │ gzip:  1.64 kB
dist/assets/LoginView-hAOZLqkg.js                                              3.23 kB │ gzip:  1.77 kB
dist/assets/LikertScale.vue_vue_type_script_setup_true_lang-B7JaeJUE.js        4.06 kB │ gzip:  2.09 kB
dist/assets/client-BY7Vpws2.js                                                 4.16 kB │ gzip:  1.91 kB
dist/assets/IllustrationFrame-B0-aBv6Y.js                                      4.87 kB │ gzip:  1.76 kB
dist/assets/BigFiveCompareView-DTK7sMfE.js                                     5.46 kB │ gzip:  2.72 kB
dist/assets/AssessChooserView-DxsNPKmC.js                                      6.50 kB │ gzip:  3.24 kB
dist/assets/InstrumentMethodView-CjvAJrdF.js                                   6.62 kB │ gzip:  3.21 kB
dist/assets/RecoverView-D5PLUYFH.js                                            6.63 kB │ gzip:  3.39 kB
dist/assets/EditorialScene-CJGFVHUu.js                                         7.16 kB │ gzip:  2.65 kB
dist/assets/ReportsListView-Dm700l_C.js                                        7.29 kB │ gzip:  3.34 kB
dist/assets/RegisterView-CckPlOJW.js                                           8.85 kB │ gzip:  4.28 kB
dist/assets/CompareView-DR44jeJC.js                                            8.96 kB │ gzip:  4.39 kB
dist/assets/typeProfiles-DrlhK7zF.js                                          11.80 kB │ gzip: 13.05 kB
dist/assets/DimensionMeter.vue_vue_type_script_setup_true_lang-CS2JLLgF.js    12.23 kB │ gzip:  5.65 kB
dist/assets/AboutView-DebVlYB9.js                                             13.02 kB │ gzip:  7.92 kB
dist/assets/BigFiveReportView-XE7ekO6x.js                                     14.47 kB │ gzip:  6.67 kB
dist/assets/AdminMembersView-D2x8a7TS.js                                      17.22 kB │ gzip:  6.93 kB
dist/assets/AccountView-DW_rb0P4.js                                           17.71 kB │ gzip:  6.73 kB
dist/assets/QuizView-DJF7Y5jI.js                                              18.49 kB │ gzip:  7.39 kB
dist/assets/AdminView-DXRxpXt0.js                                             24.59 kB │ gzip:  8.37 kB
dist/assets/AiAnalysisPanel.vue_vue_type_script_setup_true_lang-wKwMUYsi.js   26.07 kB │ gzip: 11.31 kB
dist/assets/quiz-CEDtqbEB.js                                                  26.27 kB │ gzip:  9.30 kB
dist/assets/LandingView-sWGk_js-.js                                           29.39 kB │ gzip: 13.25 kB
dist/assets/ReportV3View-D9youlsZ.js                                          35.09 kB │ gzip: 13.01 kB
dist/assets/ResultView-GCL9IPpZ.js                                            37.08 kB │ gzip: 15.26 kB
dist/assets/fallback-CIujCJ0_.js                                              44.90 kB │ gzip: 21.73 kB
dist/assets/AttemptRouterView-DvKI1DOE.js                                     67.10 kB │ gzip: 25.62 kB
dist/assets/index-qEsVPZuw.js                                                233.06 kB │ gzip: 85.35 kB
✓ built in 3.46s

> typeme-frontend@1.0.0 postbuild
> node ../scripts/check-bundled-image-urls.mjs

查了 46 个产物文件（assets\AboutView-DebVlYB9.js、assets\AccountView-DW_rb0P4.js、assets\AdminMembersView-Bko21yvv.css、assets\AdminMembersView-D2x8a7TS.js、assets\AdminView-DXRxpXt0.js、assets\AiAnalysisPanel.vue_vue_type_script_setup_true_lang-wKwMUYsi.js、assets\AppIcon.vue_vue_type_script_setup_true_lang-DUngkCVE.js、assets\AssessChooserView-DxsNPKmC.js、assets\AttemptRouterView-DvKI1DOE.js、assets\BigFiveCompareView-DTK7sMfE.js、assets\bigFiveExport-DTiJxlbA.js、assets\BigFiveReportView-XE7ekO6x.js、assets\client-BY7Vpws2.js、assets\cnNumber-CvuYwsXZ.js、assets\CompareView-DR44jeJC.js、assets\ConfirmDialog.vue_vue_type_script_setup_true_lang-HznLUIvY.js、assets\DimensionMeter-DKZ8B8tP.css、assets\DimensionMeter.vue_vue_type_script_setup_true_lang-CS2JLLgF.js、assets\EditorialScene-CJGFVHUu.js、assets\EditorialScene-CN_nk-il.css、assets\fallback-CIujCJ0_.js、assets\FormErrorNotice.vue_vue_type_script_setup_true_lang-DjIEjXGt.js、assets\IllustrationFrame-B0-aBv6Y.js、assets\IllustrationFrame-oOJKgcg9.css、assets\index-CUArpY7g.css、assets\index-qEsVPZuw.js、assets\InstrumentCard.vue_vue_type_script_setup_true_lang-BMt42sI7.js、assets\InstrumentMethodView-CjvAJrdF.js、assets\InstrumentsView-CSwVLSx3.js、assets\LandingView-sWGk_js-.js、assets\LikertScale.vue_vue_type_script_setup_true_lang-B7JaeJUE.js、assets\localTime-C6KTJS0Z.js、assets\LoginView-hAOZLqkg.js、assets\PageContainer.vue_vue_type_script_setup_true_lang-rpzN8bSO.js、assets\quiz-CEDtqbEB.js、assets\QuizView-DJF7Y5jI.js、assets\RecoverView-D5PLUYFH.js、assets\RegisterView-CckPlOJW.js、assets\ReportsListView-Dm700l_C.js、assets\ReportV3View-D9youlsZ.js、assets\ResultView-GCL9IPpZ.js、assets\seed-BjKry2Hw.js、assets\TypeCardBody.vue_vue_type_script_setup_true_lang--Yndd03y.js、assets\typeProfiles-DrlhK7zF.js、assets\_plugin-vue_export-helper-DlAUqK2U.js、index.html）
✓ 产物里没有任何绝对远程图片地址、没有写死的图片主机：地址只可能来自运行期读到的库表。
